---
source: tui/src/rules_sidebar_tests.rs
assertion_line: 121
expression: "render_panel(&mut state, 40, 8)"
---
 Rules  2

 wrapping remains reviewable.         │
                                      │
 2. Failure handling                  ┃
 Keep the last successful rules       │
 visible when refresh fails.          │
 Alt+Up/Down scroll  Ctrl+T close
